// Jest Snapshot v1, https://goo.gl/fbAQLP

exports[`mock snapshot for ModeButtonGroup 1`] = `
<div
  className="modeButtonGroup"
>
  <div
    className="firstModeButtonGroup"
  >
    <withRouter(ModeButton)
      active={false}
      buttonId="areas"
      buttonType="MODE"
      disabled={true}
      icon={
        <Memo
          className="inactiveButtonIcon"
        />
      }
      link="areas"
    />
    <withRouter(ModeButton)
      active={false}
      buttonId="routing"
      buttonType="MODE"
      disabled={false}
      icon={
        <Memo
          className="inactiveButtonIcon"
        />
      }
      link="routing"
    />
    <withRouter(ModeButton)
      active={false}
      buttonId="beacons"
      buttonType="MODE"
      disabled={false}
      icon={
        <MdWifiTethering
          className="inactiveButtonIcon"
        />
      }
      link="beacons"
    />
    <withRouter(ModeButton)
      active={false}
      buttonId="readers"
      buttonType="MODE"
      disabled={false}
      icon={
        <MdWifiTethering
          className="inactiveButtonIcon"
        />
      }
      link="readers"
    />
  </div>
  <div
    className="secondModeButtonGroup"
  >
    <withRouter(ModeButton)
      active={false}
      buttonId="scaling"
      buttonType="MODE"
      icon={
        <Memo
          className="inactiveButtonIcon"
        />
      }
      link="scaling"
    />
    <withRouter(ModeButton)
      active={false}
      buttonId="monitoring"
      buttonType="MODE"
      disabled={false}
      icon={
        <Memo
          className="inactiveButtonIcon"
        />
      }
      link="monitoring"
    />
    <withRouter(ModeButton)
      active={false}
      buttonId="drawing"
      buttonType="MODE"
      disabled={false}
      icon={
        <Memo
          className="inactiveButtonIcon"
        />
      }
      link="drawing"
    />
  </div>
</div>
`;
