// Jest Snapshot v1, https://goo.gl/fbAQLP

exports[`UsersListRouter Check matching snapshot 1`] = `
<Fragment>
  <Route
    component={
      Object {
        "$$typeof": Symbol(react.memo),
        "WrappedComponent": [Function],
        "compare": null,
        "type": [Function],
      }
    }
    path="/users"
  />
  <Route
    component={[Function]}
    exact={true}
    path="/users/:id"
  />
  <Route
    component={[Function]}
    exact={true}
    path="/users/:id/delete"
  />
</Fragment>
`;
